// Jest Snapshot v1, https://goo.gl/fbAQLP

exports[`Loader component should be able to render Loader component with success 1`] = `
"<Loader text=\\"Carregando\\">
  <styled.div>
    <div className=\\"sc-bdvvtL jPiZSA\\">
      <styled.div size={[undefined]}>
        <div size={[undefined]} className=\\"sc-gsDKAQ jJnrhU\\" />
      </styled.div>
      <p>
        Carregando
      </p>
    </div>
  </styled.div>
</Loader>"
`;
